Testing longitude parsing:

Parsing: 10.915.133.107.042.400 (type: string)
  ΓåÆ Parse as-is: 10.915
  Γ£à Valid lng: 10.915
Result: 10.915


Parsing: 11.912289548560548 (type: number)
  ΓåÆ Already number: 11.912289548560548
Result: 11.912289548560548


Parsing: 109.15133107042400 (type: string)
  ΓåÆ Parse as-is: 109.151331070424
  Γ£à Valid lng: 109.151331070424
Result: 109.151331070424

